============================= test session starts =============================
collecting ... collected 3 items

tests/test_consolidation.py::test_prune_old_episodic ERROR               [ 33%]
tests/test_engine.py::test_record_task_outcome ERROR                     [ 66%]
tests/test_cli.py::test_memory_show_empty FAILED                         [100%]
--- STDERR ---
Traceback (most recent call last):
  File "<frozen runpy>", line 198, in _run_module_as_main
  File "<frozen runpy>", line 88, in _run_code
  File "C:\Users\jmlus\AppData\Roaming\Python\Python312\site-packages\pytest\__main__.py", line 9, in <module>
    raise SystemExit(_console_main())
                     ^^^^^^^^^^^^^^^
  File "C:\Users\jmlus\AppData\Roaming\Python\Python312\site-packages\_pytest\config\__init__.py", line 253, in _console_main
    code = _main(prog=_get_prog_name(sys.argv))
           ^^^^^^^^^^^^^^^^^^^^^^^^^^^^^^^^^^^^
  File "C:\Users\jmlus\AppData\Roaming\Python\Python312\site-packages\_pytest\config\__init__.py", line 229, in _main
    ret: ExitCode | int = config.hook.pytest_cmdline_main(config=config)
                          ^^^^^^^^^^^^^^^^^^^^^^^^^^^^^^^^^^^^^^^^^^^^^^
  File "C:\Users\jmlus\AppData\Roaming\Python\Python312\site-packages\pluggy\_hooks.py", line 512, in __call__
    return self._hookexec(self.name, self._hookimpls.copy(), kwargs, firstresult)
           ^^^^^^^^^^^^^^^^^^^^^^^^^^^^^^^^^^^^^^^^^^^^^^^^^^^^^^^^^^^^^^^^^^^^^^
  File "C:\Users\jmlus\AppData\Roaming\Python\Python312\site-packages\pluggy\_manager.py", line 120, in _hookexec
    return self._inner_hookexec(hook_name, methods, kwargs, firstresult)
           ^^^^^^^^^^^^^^^^^^^^^^^^^^^^^^^^^^^^^^^^^^^^^^^^^^^^^^^^^^^^^
  File "C:\Users\jmlus\AppData\Roaming\Python\Python312\site-packages\pluggy\_callers.py", line 167, in _multicall
    raise exception
  File "C:\Users\jmlus\AppData\Roaming\Python\Python312\site-packages\pluggy\_callers.py", line 121, in _multicall
    res = hook_impl.function(*args)
          ^^^^^^^^^^^^^^^^^^^^^^^^^
  File "C:\Users\jmlus\AppData\Roaming\Python\Python312\site-packages\_pytest\main.py", line 377, in pytest_cmdline_main
    return wrap_session(config, _main)
           ^^^^^^^^^^^^^^^^^^^^^^^^^^^
  File "C:\Users\jmlus\AppData\Roaming\Python\Python312\site-packages\_pytest\main.py", line 365, in wrap_session
    config.hook.pytest_sessionfinish(
  File "C:\Users\jmlus\AppData\Roaming\Python\Python312\site-packages\pluggy\_hooks.py", line 512, in __call__
    return self._hookexec(self.name, self._hookimpls.copy(), kwargs, firstresult)
           ^^^^^^^^^^^^^^^^^^^^^^^^^^^^^^^^^^^^^^^^^^^^^^^^^^^^^^^^^^^^^^^^^^^^^^
  File "C:\Users\jmlus\AppData\Roaming\Python\Python312\site-packages\pluggy\_manager.py", line 120, in _hookexec
    return self._inner_hookexec(hook_name, methods, kwargs, firstresult)
           ^^^^^^^^^^^^^^^^^^^^^^^^^^^^^^^^^^^^^^^^^^^^^^^^^^^^^^^^^^^^^
  File "C:\Users\jmlus\AppData\Roaming\Python\Python312\site-packages\pluggy\_callers.py", line 167, in _multicall
    raise exception
  File "C:\Users\jmlus\AppData\Roaming\Python\Python312\site-packages\pluggy\_callers.py", line 139, in _multicall
    teardown.throw(exception)
  File "C:\Users\jmlus\AppData\Roaming\Python\Python312\site-packages\_pytest\logging.py", line 888, in pytest_sessionfinish
    return (yield)
            ^^^^^
  File "C:\Users\jmlus\AppData\Roaming\Python\Python312\site-packages\pluggy\_callers.py", line 139, in _multicall
    teardown.throw(exception)
  File "C:\Users\jmlus\AppData\Roaming\Python\Python312\site-packages\_pytest\terminal.py", line 961, in pytest_sessionfinish
    result = yield
             ^^^^^
  File "C:\Users\jmlus\AppData\Roaming\Python\Python312\site-packages\pluggy\_callers.py", line 139, in _multicall
    teardown.throw(exception)
  File "C:\Users\jmlus\AppData\Roaming\Python\Python312\site-packages\pluggy\_callers.py", line 53, in run_old_style_hookwrapper
    return result.get_result()
           ^^^^^^^^^^^^^^^^^^^
  File "C:\Users\jmlus\AppData\Roaming\Python\Python312\site-packages\pluggy\_result.py", line 103, in get_result
    raise exc.with_traceback(tb)
  File "C:\Users\jmlus\AppData\Roaming\Python\Python312\site-packages\pluggy\_callers.py", line 38, in run_old_style_hookwrapper
    res = yield
          ^^^^^
  File "C:\Users\jmlus\AppData\Roaming\Python\Python312\site-packages\pluggy\_callers.py", line 139, in _multicall
    teardown.throw(exception)
  File "C:\Users\jmlus\AppData\Roaming\Python\Python312\site-packages\_pytest\warnings.py", line 119, in pytest_sessionfinish
    return (yield)
            ^^^^^
  File "C:\Users\jmlus\AppData\Roaming\Python\Python312\site-packages\pluggy\_callers.py", line 121, in _multicall
    res = hook_impl.function(*args)
          ^^^^^^^^^^^^^^^^^^^^^^^^^
  File "C:\Users\jmlus\AppData\Roaming\Python\Python312\site-packages\_pytest\tmpdir.py", line 340, in pytest_sessionfinish
    tmp_path_factory._exit_stack.close()
  File "C:\Program Files\Python312\Lib\contextlib.py", line 618, in close
    self.__exit__(None, None, None)
  File "C:\Program Files\Python312\Lib\contextlib.py", line 610, in __exit__
    raise exc_details[1]
  File "C:\Program Files\Python312\Lib\contextlib.py", line 595, in __exit__
    if cb(*exc_details):
       ^^^^^^^^^^^^^^^^
  File "C:\Program Files\Python312\Lib\contextlib.py", line 478, in _exit_wrapper
    callback(*args, **kwds)
  File "C:\Users\jmlus\AppData\Roaming\Python\Python312\site-packages\_pytest\pathlib.py", line 371, in cleanup_numbered_dir
    cleanup_dead_symlinks(root)
  File "C:\Users\jmlus\AppData\Roaming\Python\Python312\site-packages\_pytest\pathlib.py", line 356, in cleanup_dead_symlinks
    if not left_dir.resolve().exists():
           ^^^^^^^^^^^^^^^^^^^^^^^^^^^
  File "C:\Program Files\Python312\Lib\pathlib.py", line 860, in exists
    self.stat(follow_symlinks=follow_symlinks)
  File "C:\Program Files\Python312\Lib\pathlib.py", line 840, in stat
    return os.stat(self, follow_symlinks=follow_symlinks)
           ^^^^^^^^^^^^^^^^^^^^^^^^^^^^^^^^^^^^^^^^^^^^^^
PermissionError: [WinError 5] Access is denied: 'C:\\Users\\jmlus\\AppData\\Local\\Temp\\pytest-of-jmlus\\pytest-current'
